// Jest Snapshot v1, https://goo.gl/fbAQLP

exports[`renders snapshot correctly 1`] = `
<div
  className="sc-eCImPb sc-iCfMLu gaEhyy gZbdOj horizontalAlignment contentBlockContainer container"
  id="courses"
>
  <div
    className="row"
  >
    <div
      className="col-sm-12"
    >
      <h2
        className="sc-ksdxgE lnpvcA heading"
      >
        Courses
      </h2>
    </div>
  </div>
  <p>
    Loading...
  </p>
</div>
`;
