// Jest Snapshot v1, https://goo.gl/fbAQLP

exports[`renders correctly 1`] = `
<div
  className="sc-fvxABq sc-gsNhcj bRwzrF bfXzmB horizontalAlignment contentBlockContainer container"
  id="standards"
>
  <div
    className="row"
  >
    <div
      className="col-sm-12"
    >
      <h2
        className="sc-dtDOJZ cfPryl heading"
      >
        Events
      </h2>
    </div>
  </div>
  <p>
    Loading...
  </p>
</div>
`;
