// Jest Snapshot v1, https://goo.gl/fbAQLP

exports[`Renders without crashing if not props are passed in 1`] = `
<div
  className="sc-bWXABl sc-dFdIVH cGINym bbUyHI horizontalAlignment contentBlockContainer container"
  id="standards"
>
  <div
    className="row"
  >
    <div
      className="col-sm-12"
    >
      <h2
        className="sc-jWEIYm kZPWyx resourceHeading"
      >
        Explore
      </h2>
    </div>
  </div>
  <p>
    Loading...
  </p>
  <div
    className="row"
  >
    <div
      className="col-sm-12"
    >
      <h2
        className="sc-jWEIYm kZPWyx resourceHeading"
      >
        Support
      </h2>
      <p
        className="sc-jIZahH vRPVH digitalParagraph"
      >
        Contact the Common Components team:
         
        <a
          className="sc-fLlhyt elWMxQ externalLink"
          href="mailto:CITZAS@gov.bc.ca"
        >
          CITZAS@gov.bc.ca
        </a>
        .
      </p>
    </div>
  </div>
</div>
`;
